
> nextlevel@0.1.0 build
> next build

▲ Next.js 16.2.6 (Turbopack)

  Creating an optimized production build ...

> Build error occurred
Error: Turbopack build failed with 66 errors:
./app/(public)/blog/[slug]/page.tsx:5:1
Module not found: Can't resolve '@/app/admin/blog/CopyLinkButton'
  [90m3 |[0m [36mimport[0m [33mLink[0m [36mfrom[0m [32m'next/link'[0m
  [90m4 |[0m [36mimport[0m [33mImage[0m [36mfrom[0m [32m'next/image'[0m
[31m[1m>[0m [90m5 |[0m [36mimport[0m [33mCopyLinkButton[0m [36mfrom[0m [32m'@/app/admin/blog/CopyLinkButton'[0m
  [90m  |[0m [31m[1m^^^^^^^^^^^^^^^^^^^^^^^^^^^^^^^^^^^^^^^^^^^^^^^^^^^^^^^^^^^^[0m
  [90m6 |[0m [36mimport[0m [33mReadingProgress[0m [36mfrom[0m [32m'@/components/blog/ReadingProgress'[0m
  [90m7 |[0m [36mimport[0m [33mTableOfContents[0m [36mfrom[0m [32m'@/components/blog/TableOfContents'[0m
  [90m8 |[0m [36mimport[0m [33mRelatedBlogImage[0m [36mfrom[0m [32m'@/components/blog/RelatedBlogImage'[0m

Import map: aliased to relative './src/app/admin/blog/CopyLinkButton' inside of [project]/


https://nextjs.org/docs/messages/module-not-found


./app/(public)/blog/page.tsx:4:1
Module not found: Can't resolve '@/components/blog/BlogImage'
  [90m2 |[0m [36mimport[0m { [33mBadge[0m } [36mfrom[0m [32m'@/components/ui/badge'[0m
  [90m3 |[0m [36mimport[0m { [33mButton[0m } [36mfrom[0m [32m'@/components/ui/button'[0m
[31m[1m>[0m [90m4 |[0m [36mimport[0m [33mBlogImage[0m [36mfrom[0m [32m'@/components/blog/BlogImage'[0m
  [90m  |[0m [31m[1m^^^^^^^^^^^^^^^^^^^^^^^^^^^^^^^^^^^^^^^^^^^^^^^^^^^[0m
  [90m5 |[0m [36mimport[0m {
  [90m6 |[0m   fetchSEOData,
  [90m7 |[0m   generateMetadata [36mas[0m generateSEOMetadata,

Import map: aliased to relative './src/components/blog/BlogImage' inside of [project]/


https://nextjs.org/docs/messages/module-not-found


./app/(public)/blog/page.tsx:9:1
Module not found: Can't resolve '@/components/blog/BlogSearch'
  [90m 7 |[0m   generateMetadata [36mas[0m generateSEOMetadata,
  [90m 8 |[0m } [36mfrom[0m [32m'@/components/seo/ServerSEO'[0m
[31m[1m>[0m [90m 9 |[0m [36mimport[0m [33mBlogSearch[0m [36mfrom[0m [32m'@/components/blog/BlogSearch'[0m
  [90m   |[0m [31m[1m^^^^^^^^^^^^^^^^^^^^^^^^^^^^^^^^^^^^^^^^^^^^^^^^^^^^^[0m
  [90m10 |[0m [36mimport[0m connectDb [36mfrom[0m [32m'@/lib/db'[0m
  [90m11 |[0m [36mimport[0m [33mBlog[0m [36mfrom[0m [32m'@/models/Blog'[0m
  [90m12 |[0m

Import map: aliased to relative './src/components/blog/BlogSearch' inside of [project]/


https://nextjs.org/docs/messages/module-not-found


./app/(public)/blog/[slug]/page.tsx:6:1
Module not found: Can't resolve '@/components/blog/ReadingProgress'
  [90m4 |[0m [36mimport[0m [33mImage[0m [36mfrom[0m [32m'next/image'[0m
  [90m5 |[0m [36mimport[0m [33mCopyLinkButton[0m [36mfrom[0m [32m'@/app/admin/blog/CopyLinkButton'[0m
[31m[1m>[0m [90m6 |[0m [36mimport[0m [33mReadingProgress[0m [36mfrom[0m [32m'@/components/blog/ReadingProgress'[0m
  [90m  |[0m [31m[1m^^^^^^^^^^^^^^^^^^^^^^^^^^^^^^^^^^^^^^^^^^^^^^^^^^^^^^^^^^^^^^^[0m
  [90m7 |[0m [36mimport[0m [33mTableOfContents[0m [36mfrom[0m [32m'@/components/blog/TableOfContents'[0m
  [90m8 |[0m [36mimport[0m [33mRelatedBlogImage[0m [36mfrom[0m [32m'@/components/blog/RelatedBlogImage'[0m
  [90m9 |[0m [36mimport[0m { addHeadingIds } [36mfrom[0m [32m'@/lib/addHeadingIds'[0m

Import map: aliased to relative './src/components/blog/ReadingProgress' inside of [project]/


https://nextjs.org/docs/messages/module-not-found


./app/(public)/blog/[slug]/page.tsx:8:1
Module not found: Can't resolve '@/components/blog/RelatedBlogImage'
  [90m 6 |[0m [36mimport[0m [33mReadingProgress[0m [36mfrom[0m [32m'@/components/blog/ReadingProgress'[0m
  [90m 7 |[0m [36mimport[0m [33mTableOfContents[0m [36mfrom[0m [32m'@/components/blog/TableOfContents'[0m
[31m[1m>[0m [90m 8 |[0m [36mimport[0m [33mRelatedBlogImage[0m [36mfrom[0m [32m'@/components/blog/RelatedBlogImage'[0m
  [90m   |[0m [31m[1m^^^^^^^^^^^^^^^^^^^^^^^^^^^^^^^^^^^^^^^^^^^^^^^^^^^^^^^^^^^^^^^^^[0m
  [90m 9 |[0m [36mimport[0m { addHeadingIds } [36mfrom[0m [32m'@/lib/addHeadingIds'[0m
  [90m10 |[0m [36mimport[0m { processBlogContent } [36mfrom[0m [32m'@/lib/processBlogContent'[0m
  [90m11 |[0m [36mimport[0m { [33mBadge[0m } [36mfrom[0m [32m'@/components/ui/badge'[0m

Import map: aliased to relative './src/components/blog/RelatedBlogImage' inside of [project]/


https://nextjs.org/docs/messages/module-not-found


./app/(public)/blog/[slug]/page.tsx:21:1
Module not found: Can't resolve '@/components/seo/JsonLd'
  [90m19 |[0m   [33mSend[0m,
  [90m20 |[0m } [36mfrom[0m [32m'lucide-react'[0m
[31m[1m>[0m [90m21 |[0m [36mimport[0m [33mJsonLd[0m [36mfrom[0m [32m'@/components/seo/JsonLd'[0m
  [90m   |[0m [31m[1m^^^^^^^^^^^^^^^^^^^^^^^^^^^^^^^^^^^^^^^^^^^^[0m
  [90m22 |[0m
  [90m23 |[0m [90m// Enable ISR (Incremental Static Regeneration) - revalidate every hour[0m
  [90m24 |[0m [36mexport[0m [36mconst[0m revalidate = [35m0[0m

Import map: aliased to relative './src/components/seo/JsonLd' inside of [project]/


https://nextjs.org/docs/messages/module-not-found


./app/(public)/blog/page.tsx:5:1
Module not found: Can't resolve '@/components/seo/ServerSEO'
  [90m 3 |[0m [36mimport[0m { [33mButton[0m } [36mfrom[0m [32m'@/components/ui/button'[0m
  [90m 4 |[0m [36mimport[0m [33mBlogImage[0m [36mfrom[0m [32m'@/components/blog/BlogImage'[0m
[31m[1m>[0m [90m 5 |[0m [36mimport[0m {
  [90m   |[0m [31m[1m^^^^^^^[0m
[31m[1m>[0m [90m 6 |[0m   fetchSEOData,
  [90m   |[0m [31m[1m^^^^^^^^^^^^^^^[0m
[31m[1m>[0m [90m 7 |[0m   generateMetadata [36mas[0m generateSEOMetadata,
  [90m   |[0m [31m[1m^^^^^^^^^^^^^^^^^^^^^^^^^^^^^^^^^^^^^^^^^^[0m
[31m[1m>[0m [90m 8 |[0m } [36mfrom[0m [32m'@/components/seo/ServerSEO'[0m
  [90m   |[0m [31m[1m^^^^^^^^^^^^^^^^^^^^^^^^^^^^^^^^^^^[0m
  [90m 9 |[0m [36mimport[0m [33mBlogSearch[0m [36mfrom[0m [32m'@/components/blog/BlogSearch'[0m
  [90m10 |[0m [36mimport[0m connectDb [36mfrom[0m [32m'@/lib/db'[0m
  [90m11 |[0m [36mimport[0m [33mBlog[0m [36mfrom[0m [32m'@/models/Blog'[0m

Import map: aliased to relative './src/components/seo/ServerSEO' inside of [project]/


https://nextjs.org/docs/messages/module-not-found


./app/admin/blog/edit/[id]/page.tsx:44:1
Module not found: Can't resolve '@/components/ui/alert-dialog'
  [90m42 |[0m [36mimport[0m [33mLink[0m [36mfrom[0m [32m'next/link'[0m
  [90m43 |[0m [36mimport[0m { useCurrency } [36mfrom[0m [32m'@/hooks/useCurrency'[0m
[31m[1m>[0m [90m44 |[0m [36mimport[0m {
  [90m   |[0m [31m[1m^^^^^^^[0m
[31m[1m>[0m [90m45 |[0m   [33mAlertDialog[0m,
  [90m   |[0m [31m[1m^^^^^^^^^^^^^^[0m
[31m[1m>[0m [90m46 |[0m   [33mAlertDialogAction[0m,
  [90m   |[0m [31m[1m^^^^^^^^^^^^^^^^^^^^[0m
[31m[1m>[0m [90m47 |[0m   [33mAlertDialogCancel[0m,
  [90m   |[0m [31m[1m^^^^^^^^^^^^^^^^^^^^[0m
[31m[1m>[0m [90m48 |[0m   [33mAlertDialogContent[0m,
  [90m   |[0m [31m[1m^^^^^^^^^^^^^^^^^^^^^[0m
[31m[1m>[0m [90m49 |[0m   [33mAlertDialogDescription[0m,
  [90m   |[0m [31m[1m^^^^^^^^^^^^^^^^^^^^^^^^^[0m
[31m[1m>[0m [90m50 |[0m   [33mAlertDialogFooter[0m,
  [90m   |[0m [31m[1m^^^^^^^^^^^^^^^^^^^^[0m
[31m[1m>[0m [90m51 |[0m   [33mAlertDialogHeader[0m,
  [90m   |[0m [31m[1m^^^^^^^^^^^^^^^^^^^^[0m
[31m[1m>[0m [90m52 |[0m   [33mAlertDialogTitle[0m,
  [90m   |[0m [31m[1m^^^^^^^^^^^^^^^^^^^[0m
[31m[1m>[0m [90m53 |[0m   [33mAlertDialogTrigger[0m,
  [90m   |[0m [31m[1m^^^^^^^^^^^^^^^^^^^^^[0m
[31m[1m>[0m [90m54 |[0m } [36mfrom[0m [32m'@/components/ui/alert-dialog'[0m
  [90m   |[0m [31m[1m^^^^^^^^^^^^^^^^^^^^^^^^^^^^^^^^^^^^^[0m
  [90m55 |[0m
  [90m56 |[0m [36minterface[0m [33mBlogCTA[0m {
  [90m57 |[0m   title?: string

Import map: aliased to relative './src/components/ui/alert-dialog' inside of [project]/


Import traces:
  Client Component Browser:
    ./app/admin/blog/edit/[id]/page.tsx [Client Component Browser]
    ./app/admin/blog/edit/[id]/page.tsx [Server Component]

  Client Component SSR:
    ./app/admin/blog/edit/[id]/page.tsx [Client Component SSR]
    ./app/admin/blog/edit/[id]/page.tsx [Server Component]

https://nextjs.org/docs/messages/module-not-found


./app/admin/blog/page.tsx:20:1
Module not found: Can't resolve '@/components/ui/alert-dialog'
  [90m18 |[0m } [36mfrom[0m [32m'lucide-react'[0m
  [90m19 |[0m [36mimport[0m [33mLink[0m [36mfrom[0m [32m'next/link'[0m
[31m[1m>[0m [90m20 |[0m [36mimport[0m {
  [90m   |[0m [31m[1m^^^^^^^[0m
[31m[1m>[0m [90m21 |[0m   [33mAlertDialog[0m,
  [90m   |[0m [31m[1m^^^^^^^^^^^^^^[0m
[31m[1m>[0m [90m22 |[0m   [33mAlertDialogAction[0m,
  [90m   |[0m [31m[1m^^^^^^^^^^^^^^^^^^^^[0m
[31m[1m>[0m [90m23 |[0m   [33mAlertDialogCancel[0m,
  [90m   |[0m [31m[1m^^^^^^^^^^^^^^^^^^^^[0m
[31m[1m>[0m [90m24 |[0m   [33mAlertDialogContent[0m,
  [90m   |[0m [31m[1m^^^^^^^^^^^^^^^^^^^^^[0m
[31m[1m>[0m [90m25 |[0m   [33mAlertDialogDescription[0m,
  [90m   |[0m [31m[1m^^^^^^^^^^^^^^^^^^^^^^^^^[0m
[31m[1m>[0m [90m26 |[0m   [33mAlertDialogFooter[0m,
  [90m   |[0m [31m[1m^^^^^^^^^^^^^^^^^^^^[0m
[31m[1m>[0m [90m27 |[0m   [33mAlertDialogHeader[0m,
  [90m   |[0m [31m[1m^^^^^^^^^^^^^^^^^^^^[0m
[31m[1m>[0m [90m28 |[0m   [33mAlertDialogTitle[0m,
  [90m   |[0m [31m[1m^^^^^^^^^^^^^^^^^^^[0m
[31m[1m>[0m [90m29 |[0m   [33mAlertDialogTrigger[0m,
  [90m   |[0m [31m[1m^^^^^^^^^^^^^^^^^^^^^[0m
[31m[1m>[0m [90m30 |[0m } [36mfrom[0m [32m'@/components/ui/alert-dialog'[0m
  [90m   |[0m [31m[1m^^^^^^^^^^^^^^^^^^^^^^^^^^^^^^^^^^^^^[0m
  [90m31 |[0m [36mimport[0m {
  [90m32 |[0m   [33mSelect[0m,
  [90m33 |[0m   [33mSelectContent[0m,

Import map: aliased to relative './src/components/ui/alert-dialog' inside of [project]/


Import traces:
  Client Component Browser:
    ./app/admin/blog/page.tsx [Client Component Browser]
    ./app/admin/blog/page.tsx [Server Component]

  Client Component SSR:
    ./app/admin/blog/page.tsx [Client Component SSR]
    ./app/admin/blog/page.tsx [Server Component]

https://nextjs.org/docs/messages/module-not-found


./app/(public)/blog/[slug]/page.tsx:11:1
Module not found: Can't resolve '@/components/ui/badge'
  [90m 9 |[0m [36mimport[0m { addHeadingIds } [36mfrom[0m [32m'@/lib/addHeadingIds'[0m
  [90m10 |[0m [36mimport[0m { processBlogContent } [36mfrom[0m [32m'@/lib/processBlogContent'[0m
[31m[1m>[0m [90m11 |[0m [36mimport[0m { [33mBadge[0m } [36mfrom[0m [32m'@/components/ui/badge'[0m
  [90m   |[0m [31m[1m^^^^^^^^^^^^^^^^^^^^^^^^^^^^^^^^^^^^^^^^^^^^^[0m
  [90m12 |[0m [36mimport[0m {
  [90m13 |[0m   [33mClock[0m,
  [90m14 |[0m   [33mCalendar[0m,

Import map: aliased to relative './src/components/ui/badge' inside of [project]/


https://nextjs.org/docs/messages/module-not-found


./app/(public)/blog/page.tsx:2:1
Module not found: Can't resolve '@/components/ui/badge'
  [90m1 |[0m [36mimport[0m [33mLink[0m [36mfrom[0m [32m'next/link'[0m
[31m[1m>[0m [90m2 |[0m [36mimport[0m { [33mBadge[0m } [36mfrom[0m [32m'@/components/ui/badge'[0m
  [90m  |[0m [31m[1m^^^^^^^^^^^^^^^^^^^^^^^^^^^^^^^^^^^^^^^^^^^^^[0m
  [90m3 |[0m [36mimport[0m { [33mButton[0m } [36mfrom[0m [32m'@/components/ui/button'[0m
  [90m4 |[0m [36mimport[0m [33mBlogImage[0m [36mfrom[0m [32m'@/components/blog/BlogImage'[0m
  [90m5 |[0m [36mimport[0m {

Import map: aliased to relative './src/components/ui/badge' inside of [project]/


https://nextjs.org/docs/messages/module-not-found


./app/admin/blog/config/page.tsx:10:1
Module not found: Can't resolve '@/components/ui/badge'
  [90m 8 |[0m [36mimport[0m { [33mLabel[0m } [36mfrom[0m [32m'@/components/ui/label'[0m
  [90m 9 |[0m [36mimport[0m { [33mTextarea[0m } [36mfrom[0m [32m'@/components/ui/textarea'[0m
[31m[1m>[0m [90m10 |[0m [36mimport[0m { [33mBadge[0m } [36mfrom[0m [32m'@/components/ui/badge'[0m
  [90m   |[0m [31m[1m^^^^^^^^^^^^^^^^^^^^^^^^^^^^^^^^^^^^^^^^^^^^^[0m
  [90m11 |[0m [36mimport[0m { [33mTabs[0m, [33mTabsContent[0m, [33mTabsList[0m, [33mTabsTrigger[0m } [36mfrom[0m [32m'@/components/ui/tabs'[0m
  [90m12 |[0m [36mimport[0m {
  [90m13 |[0m   [33mSave[0m,

Import map: aliased to relative './src/components/ui/badge' inside of [project]/


Import traces:
  Client Component Browser:
    ./app/admin/blog/config/page.tsx [Client Component Browser]
    ./app/admin/blog/config/page.tsx [Server Component]

  Client Component SSR:
    ./app/admin/blog/config/page.tsx [Client Component SSR]
    ./app/admin/blog/config/page.tsx [Server Component]

https://nextjs.org/docs/messages/module-not-found


./app/admin/blog/edit/[id]/page.tsx:31:1
Module not found: Can't resolve '@/components/ui/badge'
  [90m29 |[0m } [36mfrom[0m [32m'@/components/ui/select'[0m
  [90m30 |[0m [36mimport[0m { [33mTabs[0m, [33mTabsContent[0m, [33mTabsList[0m, [33mTabsTrigger[0m } [36mfrom[0m [32m'@/components/ui/tabs'[0m
[31m[1m>[0m [90m31 |[0m [36mimport[0m { [33mBadge[0m } [36mfrom[0m [32m'@/components/ui/badge'[0m
  [90m   |[0m [31m[1m^^^^^^^^^^^^^^^^^^^^^^^^^^^^^^^^^^^^^^^^^^^^^[0m
  [90m32 |[0m [36mimport[0m {
  [90m33 |[0m   [33mArrowLeft[0m,
  [90m34 |[0m   [33mSave[0m,

Import map: aliased to relative './src/components/ui/badge' inside of [project]/


Import traces:
  Client Component Browser:
    ./app/admin/blog/edit/[id]/page.tsx [Client Component Browser]
    ./app/admin/blog/edit/[id]/page.tsx [Server Component]

  Client Component SSR:
    ./app/admin/blog/edit/[id]/page.tsx [Client Component SSR]
    ./app/admin/blog/edit/[id]/page.tsx [Server Component]

https://nextjs.org/docs/messages/module-not-found


./app/admin/blog/page.tsx:6:1
Module not found: Can't resolve '@/components/ui/badge'
  [90m4 |[0m [36mimport[0m { [33mButton[0m } [36mfrom[0m [32m'@/components/ui/button'[0m
  [90m5 |[0m [36mimport[0m { [33mCard[0m, [33mCardContent[0m } [36mfrom[0m [32m'@/components/ui/card'[0m
[31m[1m>[0m [90m6 |[0m [36mimport[0m { [33mBadge[0m } [36mfrom[0m [32m'@/components/ui/badge'[0m
  [90m  |[0m [31m[1m^^^^^^^^^^^^^^^^^^^^^^^^^^^^^^^^^^^^^^^^^^^^^[0m
  [90m7 |[0m [36mimport[0m { [33mInput[0m } [36mfrom[0m [32m'@/components/ui/input'[0m
  [90m8 |[0m [36mimport[0m {
  [90m9 |[0m   [33mPlus[0m,

Import map: aliased to relative './src/components/ui/badge' inside of [project]/


Import traces:
  Client Component Browser:
    ./app/admin/blog/page.tsx [Client Component Browser]
    ./app/admin/blog/page.tsx [Server Component]

  Client Component SSR:
    ./app/admin/blog/page.tsx [Client Component SSR]
    ./app/admin/blog/page.tsx [Server Component]

https://nextjs.org/docs/messages/module-not-found


./app/(public)/blog/page.tsx:3:1
Module not found: Can't resolve '@/components/ui/button'
  [90m1 |[0m [36mimport[0m [33mLink[0m [36mfrom[0m [32m'next/link'[0m
  [90m2 |[0m [36mimport[0m { [33mBadge[0m } [36mfrom[0m [32m'@/components/ui/badge'[0m
[31m[1m>[0m [90m3 |[0m [36mimport[0m { [33mButton[0m } [36mfrom[0m [32m'@/components/ui/button'[0m
  [90m  |[0m [31m[1m^^^^^^^^^^^^^^^^^^^^^^^^^^^^^^^^^^^^^^^^^^^^^^^[0m
  [90m4 |[0m [36mimport[0m [33mBlogImage[0m [36mfrom[0m [32m'@/components/blog/BlogImage'[0m
  [90m5 |[0m [36mimport[0m {
  [90m6 |[0m   fetchSEOData,

Import map: aliased to relative './src/components/ui/button' inside of [project]/


https://nextjs.org/docs/messages/module-not-found


./app/admin/blog/config/page.tsx:6:1
Module not found: Can't resolve '@/components/ui/button'
  [90m4 |[0m [36mimport[0m { useSearchParams } [36mfrom[0m [32m'next/navigation'[0m
  [90m5 |[0m [36mimport[0m { [33mCard[0m, [33mCardContent[0m, [33mCardHeader[0m, [33mCardTitle[0m } [36mfrom[0m [32m'@/components/ui/card'[0m
[31m[1m>[0m [90m6 |[0m [36mimport[0m { [33mButton[0m } [36mfrom[0m [32m'@/components/ui/button'[0m
  [90m  |[0m [31m[1m^^^^^^^^^^^^^^^^^^^^^^^^^^^^^^^^^^^^^^^^^^^^^^^[0m
  [90m7 |[0m [36mimport[0m { [33mInput[0m } [36mfrom[0m [32m'@/components/ui/input'[0m
  [90m8 |[0m [36mimport[0m { [33mLabel[0m } [36mfrom[0m [32m'@/components/ui/label'[0m
  [90m9 |[0m [36mimport[0m { [33mTextarea[0m } [36mfrom[0m [32m'@/components/ui/textarea'[0m

Import map: aliased to relative './src/components/ui/button' inside of [project]/


Import traces:
  Client Component Browser:
    ./app/admin/blog/config/page.tsx [Client Component Browser]
    ./app/admin/blog/config/page.tsx [Server Component]

  Client Component SSR:
    ./app/admin/blog/config/page.tsx [Client Component SSR]
    ./app/admin/blog/config/page.tsx [Server Component]

https://nextjs.org/docs/messages/module-not-found


./app/admin/blog/create/page.tsx:5:1
Module not found: Can't resolve '@/components/ui/button'
  [90m3 |[0m [36mimport[0m { useState, useRef, useEffect } [36mfrom[0m [32m'react'[0m
  [90m4 |[0m [36mimport[0m { useRouter } [36mfrom[0m [32m'next/navigation'[0m
[31m[1m>[0m [90m5 |[0m [36mimport[0m { [33mButton[0m } [36mfrom[0m [32m'@/components/ui/button'[0m
  [90m  |[0m [31m[1m^^^^^^^^^^^^^^^^^^^^^^^^^^^^^^^^^^^^^^^^^^^^^^^[0m
  [90m6 |[0m [36mimport[0m { [33mInput[0m } [36mfrom[0m [32m'@/components/ui/input'[0m
  [90m7 |[0m [36mimport[0m { [33mLabel[0m } [36mfrom[0m [32m'@/components/ui/label'[0m
  [90m8 |[0m [36mimport[0m { [33mTextarea[0m } [36mfrom[0m [32m'@/components/ui/textarea'[0m

Import map: aliased to relative './src/components/ui/button' inside of [project]/


Import traces:
  Client Component Browser:
    ./app/admin/blog/create/page.tsx [Client Component Browser]
    ./app/admin/blog/create/page.tsx [Server Component]

  Client Component SSR:
    ./app/admin/blog/create/page.tsx [Client Component SSR]
    ./app/admin/blog/create/page.tsx [Server Component]

https://nextjs.org/docs/messages/module-not-found


./app/admin/blog/edit/[id]/page.tsx:5:1
Module not found: Can't resolve '@/components/ui/button'
  [90m3 |[0m [36mimport[0m { useState, useEffect, useRef } [36mfrom[0m [32m'react'[0m
  [90m4 |[0m [36mimport[0m { useParams, useRouter } [36mfrom[0m [32m'next/navigation'[0m
[31m[1m>[0m [90m5 |[0m [36mimport[0m { [33mButton[0m } [36mfrom[0m [32m'@/components/ui/button'[0m
  [90m  |[0m [31m[1m^^^^^^^^^^^^^^^^^^^^^^^^^^^^^^^^^^^^^^^^^^^^^^^[0m
  [90m6 |[0m [36mimport[0m { [33mInput[0m } [36mfrom[0m [32m'@/components/ui/input'[0m
  [90m7 |[0m [36mimport[0m { [33mLabel[0m } [36mfrom[0m [32m'@/components/ui/label'[0m
  [90m8 |[0m [36mimport[0m { [33mTextarea[0m } [36mfrom[0m [32m'@/components/ui/textarea'[0m

Import map: aliased to relative './src/components/ui/button' inside of [project]/


Import traces:
  Client Component Browser:
    ./app/admin/blog/edit/[id]/page.tsx [Client Component Browser]
    ./app/admin/blog/edit/[id]/page.tsx [Server Component]

  Client Component SSR:
    ./app/admin/blog/edit/[id]/page.tsx [Client Component SSR]
    ./app/admin/blog/edit/[id]/page.tsx [Server Component]

https://nextjs.org/docs/messages/module-not-found


./app/admin/blog/page.tsx:4:1
Module not found: Can't resolve '@/components/ui/button'
  [90m2 |[0m
  [90m3 |[0m [36mimport[0m { useState, useEffect } [36mfrom[0m [32m'react'[0m
[31m[1m>[0m [90m4 |[0m [36mimport[0m { [33mButton[0m } [36mfrom[0m [32m'@/components/ui/button'[0m
  [90m  |[0m [31m[1m^^^^^^^^^^^^^^^^^^^^^^^^^^^^^^^^^^^^^^^^^^^^^^^[0m
  [90m5 |[0m [36mimport[0m { [33mCard[0m, [33mCardContent[0m } [36mfrom[0m [32m'@/components/ui/card'[0m
  [90m6 |[0m [36mimport[0m { [33mBadge[0m } [36mfrom[0m [32m'@/components/ui/badge'[0m
  [90m7 |[0m [36mimport[0m { [33mInput[0m } [36mfrom[0m [32m'@/components/ui/input'[0m

Import map: aliased to relative './src/components/ui/button' inside of [project]/


Import traces:
  Client Component Browser:
    ./app/admin/blog/page.tsx [Client Component Browser]
    ./app/admin/blog/page.tsx [Server Component]

  Client Component SSR:
    ./app/admin/blog/page.tsx [Client Component SSR]
    ./app/admin/blog/page.tsx [Server Component]

https://nextjs.org/docs/messages/module-not-found


./app/admin/blog/config/page.tsx:5:1
Module not found: Can't resolve '@/components/ui/card'
  [90m3 |[0m [36mimport[0m [33mReact[0m, { useState, useEffect, [33mSuspense[0m } [36mfrom[0m [32m'react'[0m
  [90m4 |[0m [36mimport[0m { useSearchParams } [36mfrom[0m [32m'next/navigation'[0m
[31m[1m>[0m [90m5 |[0m [36mimport[0m { [33mCard[0m, [33mCardContent[0m, [33mCardHeader[0m, [33mCardTitle[0m } [36mfrom[0m [32m'@/components/ui/card'[0m
  [90m  |[0m [31m[1m^^^^^^^^^^^^^^^^^^^^^^^^^^^^^^^^^^^^^^^^^^^^^^^^^^^^^^^^^^^^^^^^^^^^^^^^^^^^^^^[0m
  [90m6 |[0m [36mimport[0m { [33mButton[0m } [36mfrom[0m [32m'@/components/ui/button'[0m
  [90m7 |[0m [36mimport[0m { [33mInput[0m } [36mfrom[0m [32m'@/components/ui/input'[0m
  [90m8 |[0m [36mimport[0m { [33mLabel[0m } [36mfrom[0m [32m'@/components/ui/label'[0m

Import map: aliased to relative './src/components/ui/card' inside of [project]/


Import traces:
  Client Component Browser:
    ./app/admin/blog/config/page.tsx [Client Component Browser]
    ./app/admin/blog/config/page.tsx [Server Component]

  Client Component SSR:
    ./app/admin/blog/config/page.tsx [Client Component SSR]
    ./app/admin/blog/config/page.tsx [Server Component]

https://nextjs.org/docs/messages/module-not-found


./app/admin/blog/create/page.tsx:16:1
Module not found: Can't resolve '@/components/ui/card'
  [90m14 |[0m   { ssr: [36mfalse[0m }
  [90m15 |[0m )
[31m[1m>[0m [90m16 |[0m [36mimport[0m {
  [90m   |[0m [31m[1m^^^^^^^[0m
[31m[1m>[0m [90m17 |[0m   [33mCard[0m,
  [90m   |[0m [31m[1m^^^^^^^[0m
[31m[1m>[0m [90m18 |[0m   [33mCardContent[0m,
  [90m   |[0m [31m[1m^^^^^^^^^^^^^^[0m
[31m[1m>[0m [90m19 |[0m   [33mCardDescription[0m,
  [90m   |[0m [31m[1m^^^^^^^^^^^^^^^^^^[0m
[31m[1m>[0m [90m20 |[0m   [33mCardHeader[0m,
  [90m   |[0m [31m[1m^^^^^^^^^^^^^[0m
[31m[1m>[0m [90m21 |[0m   [33mCardTitle[0m,
  [90m   |[0m [31m[1m^^^^^^^^^^^^[0m
[31m[1m>[0m [90m22 |[0m } [36mfrom[0m [32m'@/components/ui/card'[0m
  [90m   |[0m [31m[1m^^^^^^^^^^^^^^^^^^^^^^^^^^^^^[0m
  [90m23 |[0m [36mimport[0m {
  [90m24 |[0m   [33mSelect[0m,
  [90m25 |[0m   [33mSelectContent[0m,

Import map: aliased to relative './src/components/ui/card' inside of [project]/


Import traces:
  Client Component Browser:
    ./app/admin/blog/create/page.tsx [Client Component Browser]
    ./app/admin/blog/create/page.tsx [Server Component]

  Client Component SSR:
    ./app/admin/blog/create/page.tsx [Client Component SSR]
    ./app/admin/blog/create/page.tsx [Server Component]

https://nextjs.org/docs/messages/module-not-found


./app/admin/blog/edit/[id]/page.tsx:16:1
Module not found: Can't resolve '@/components/ui/card'
  [90m14 |[0m   { ssr: [36mfalse[0m }
  [90m15 |[0m )
[31m[1m>[0m [90m16 |[0m [36mimport[0m {
  [90m   |[0m [31m[1m^^^^^^^[0m
[31m[1m>[0m [90m17 |[0m   [33mCard[0m,
  [90m   |[0m [31m[1m^^^^^^^[0m
[31m[1m>[0m [90m18 |[0m   [33mCardContent[0m,
  [90m   |[0m [31m[1m^^^^^^^^^^^^^^[0m
[31m[1m>[0m [90m19 |[0m   [33mCardDescription[0m,
  [90m   |[0m [31m[1m^^^^^^^^^^^^^^^^^^[0m
[31m[1m>[0m [90m20 |[0m   [33mCardHeader[0m,
  [90m   |[0m [31m[1m^^^^^^^^^^^^^[0m
[31m[1m>[0m [90m21 |[0m   [33mCardTitle[0m,
  [90m   |[0m [31m[1m^^^^^^^^^^^^[0m
[31m[1m>[0m [90m22 |[0m } [36mfrom[0m [32m'@/components/ui/card'[0m
  [90m   |[0m [31m[1m^^^^^^^^^^^^^^^^^^^^^^^^^^^^^[0m
  [90m23 |[0m [36mimport[0m {
  [90m24 |[0m   [33mSelect[0m,
  [90m25 |[0m   [33mSelectContent[0m,

Import map: aliased to relative './src/components/ui/card' inside of [project]/


Import traces:
  Client Component Browser:
    ./app/admin/blog/edit/[id]/page.tsx [Client Component Browser]
    ./app/admin/blog/edit/[id]/page.tsx [Server Component]

  Client Component SSR:
    ./app/admin/blog/edit/[id]/page.tsx [Client Component SSR]
    ./app/admin/blog/edit/[id]/page.tsx [Server Component]

https://nextjs.org/docs/messages/module-not-found


./app/admin/blog/page.tsx:5:1
Module not found: Can't resolve '@/components/ui/card'
  [90m3 |[0m [36mimport[0m { useState, useEffect } [36mfrom[0m [32m'react'[0m
  [90m4 |[0m [36mimport[0m { [33mButton[0m } [36mfrom[0m [32m'@/components/ui/button'[0m
[31m[1m>[0m [90m5 |[0m [36mimport[0m { [33mCard[0m, [33mCardContent[0m } [36mfrom[0m [32m'@/components/ui/card'[0m
  [90m  |[0m [31m[1m^^^^^^^^^^^^^^^^^^^^^^^^^^^^^^^^^^^^^^^^^^^^^^^^^^^^^^^^[0m
  [90m6 |[0m [36mimport[0m { [33mBadge[0m } [36mfrom[0m [32m'@/components/ui/badge'[0m
  [90m7 |[0m [36mimport[0m { [33mInput[0m } [36mfrom[0m [32m'@/components/ui/input'[0m
  [90m8 |[0m [36mimport[0m {

Import map: aliased to relative './src/components/ui/card' inside of [project]/


Import traces:
  Client Component Browser:
    ./app/admin/blog/page.tsx [Client Component Browser]
    ./app/admin/blog/page.tsx [Server Component]

  Client Component SSR:
    ./app/admin/blog/page.tsx [Client Component SSR]
    ./app/admin/blog/page.tsx [Server Component]

https://nextjs.org/docs/messages/module-not-found


./app/admin/blog/config/page.tsx:7:1
Module not found: Can't resolve '@/components/ui/input'
  [90m 5 |[0m [36mimport[0m { [33mCard[0m, [33mCardContent[0m, [33mCardHeader[0m, [33mCardTitle[0m } [36mfrom[0m [32m'@/components/ui/card'[0m
  [90m 6 |[0m [36mimport[0m { [33mButton[0m } [36mfrom[0m [32m'@/components/ui/button'[0m
[31m[1m>[0m [90m 7 |[0m [36mimport[0m { [33mInput[0m } [36mfrom[0m [32m'@/components/ui/input'[0m
  [90m   |[0m [31m[1m^^^^^^^^^^^^^^^^^^^^^^^^^^^^^^^^^^^^^^^^^^^^^[0m
  [90m 8 |[0m [36mimport[0m { [33mLabel[0m } [36mfrom[0m [32m'@/components/ui/label'[0m
  [90m 9 |[0m [36mimport[0m { [33mTextarea[0m } [36mfrom[0m [32m'@/components/ui/textarea'[0m
  [90m10 |[0m [36mimport[0m { [33mBadge[0m } [36mfrom[0m [32m'@/components/ui/badge'[0m

Import map: aliased to relative './src/components/ui/input' inside of [project]/


Import traces:
  Client Component Browser:
    ./app/admin/blog/config/page.tsx [Client Component Browser]
    ./app/admin/blog/config/page.tsx [Server Component]

  Client Component SSR:
    ./app/admin/blog/config/page.tsx [Client Component SSR]
    ./app/admin/blog/config/page.tsx [Server Component]

https://nextjs.org/docs/messages/module-not-found


./app/admin/blog/create/page.tsx:6:1
Module not found: Can't resolve '@/components/ui/input'
  [90m4 |[0m [36mimport[0m { useRouter } [36mfrom[0m [32m'next/navigation'[0m
  [90m5 |[0m [36mimport[0m { [33mButton[0m } [36mfrom[0m [32m'@/components/ui/button'[0m
[31m[1m>[0m [90m6 |[0m [36mimport[0m { [33mInput[0m } [36mfrom[0m [32m'@/components/ui/input'[0m
  [90m  |[0m [31m[1m^^^^^^^^^^^^^^^^^^^^^^^^^^^^^^^^^^^^^^^^^^^^^[0m
  [90m7 |[0m [36mimport[0m { [33mLabel[0m } [36mfrom[0m [32m'@/components/ui/label'[0m
  [90m8 |[0m [36mimport[0m { [33mTextarea[0m } [36mfrom[0m [32m'@/components/ui/textarea'[0m
  [90m9 |[0m [36mimport[0m dynamic [36mfrom[0m [32m'next/dynamic'[0m

Import map: aliased to relative './src/components/ui/input' inside of [project]/


Import traces:
  Client Component Browser:
    ./app/admin/blog/create/page.tsx [Client Component Browser]
    ./app/admin/blog/create/page.tsx [Server Component]

  Client Component SSR:
    ./app/admin/blog/create/page.tsx [Client Component SSR]
    ./app/admin/blog/create/page.tsx [Server Component]

https://nextjs.org/docs/messages/module-not-found


./app/admin/blog/edit/[id]/page.tsx:6:1
Module not found: Can't resolve '@/components/ui/input'
  [90m4 |[0m [36mimport[0m { useParams, useRouter } [36mfrom[0m [32m'next/navigation'[0m
  [90m5 |[0m [36mimport[0m { [33mButton[0m } [36mfrom[0m [32m'@/components/ui/button'[0m
[31m[1m>[0m [90m6 |[0m [36mimport[0m { [33mInput[0m } [36mfrom[0m [32m'@/components/ui/input'[0m
  [90m  |[0m [31m[1m^^^^^^^^^^^^^^^^^^^^^^^^^^^^^^^^^^^^^^^^^^^^^[0m
  [90m7 |[0m [36mimport[0m { [33mLabel[0m } [36mfrom[0m [32m'@/components/ui/label'[0m
  [90m8 |[0m [36mimport[0m { [33mTextarea[0m } [36mfrom[0m [32m'@/components/ui/textarea'[0m
  [90m9 |[0m [36mimport[0m dynamic [36mfrom[0m [32m'next/dynamic'[0m

Import map: aliased to relative './src/components/ui/input' inside of [project]/


Import traces:
  Client Component Browser:
    ./app/admin/blog/edit/[id]/page.tsx [Client Component Browser]
    ./app/admin/blog/edit/[id]/page.tsx [Server Component]

  Client Component SSR:
    ./app/admin/blog/edit/[id]/page.tsx [Client Component SSR]
    ./app/admin/blog/edit/[id]/page.tsx [Server Component]

https://nextjs.org/docs/messages/module-not-found


./app/admin/blog/page.tsx:7:1
Module not found: Can't resolve '@/components/ui/input'
  [90m 5 |[0m [36mimport[0m { [33mCard[0m, [33mCardContent[0m } [36mfrom[0m [32m'@/components/ui/card'[0m
  [90m 6 |[0m [36mimport[0m { [33mBadge[0m } [36mfrom[0m [32m'@/components/ui/badge'[0m
[31m[1m>[0m [90m 7 |[0m [36mimport[0m { [33mInput[0m } [36mfrom[0m [32m'@/components/ui/input'[0m
  [90m   |[0m [31m[1m^^^^^^^^^^^^^^^^^^^^^^^^^^^^^^^^^^^^^^^^^^^^^[0m
  [90m 8 |[0m [36mimport[0m {
  [90m 9 |[0m   [33mPlus[0m,
  [90m10 |[0m   [33mSearch[0m,

Import map: aliased to relative './src/components/ui/input' inside of [project]/


Import traces:
  Client Component Browser:
    ./app/admin/blog/page.tsx [Client Component Browser]
    ./app/admin/blog/page.tsx [Server Component]

  Client Component SSR:
    ./app/admin/blog/page.tsx [Client Component SSR]
    ./app/admin/blog/page.tsx [Server Component]

https://nextjs.org/docs/messages/module-not-found


./app/admin/blog/config/page.tsx:8:1
Module not found: Can't resolve '@/components/ui/label'
  [90m 6 |[0m [36mimport[0m { [33mButton[0m } [36mfrom[0m [32m'@/components/ui/button'[0m
  [90m 7 |[0m [36mimport[0m { [33mInput[0m } [36mfrom[0m [32m'@/components/ui/input'[0m
[31m[1m>[0m [90m 8 |[0m [36mimport[0m { [33mLabel[0m } [36mfrom[0m [32m'@/components/ui/label'[0m
  [90m   |[0m [31m[1m^^^^^^^^^^^^^^^^^^^^^^^^^^^^^^^^^^^^^^^^^^^^^[0m
  [90m 9 |[0m [36mimport[0m { [33mTextarea[0m } [36mfrom[0m [32m'@/components/ui/textarea'[0m
  [90m10 |[0m [36mimport[0m { [33mBadge[0m } [36mfrom[0m [32m'@/components/ui/badge'[0m
  [90m11 |[0m [36mimport[0m { [33mTabs[0m, [33mTabsContent[0m, [33mTabsList[0m, [33mTabsTrigger[0m } [36mfrom[0m [32m'@/components/ui/tabs'[0m

Import map: aliased to relative './src/components/ui/label' inside of [project]/


Import traces:
  Client Component Browser:
    ./app/admin/blog/config/page.tsx [Client Component Browser]
    ./app/admin/blog/config/page.tsx [Server Component]

  Client Component SSR:
    ./app/admin/blog/config/page.tsx [Client Component SSR]
    ./app/admin/blog/config/page.tsx [Server Component]

https://nextjs.org/docs/messages/module-not-found


./app/admin/blog/create/page.tsx:7:1
Module not found: Can't resolve '@/components/ui/label'
  [90m 5 |[0m [36mimport[0m { [33mButton[0m } [36mfrom[0m [32m'@/components/ui/button'[0m
  [90m 6 |[0m [36mimport[0m { [33mInput[0m } [36mfrom[0m [32m'@/components/ui/input'[0m
[31m[1m>[0m [90m 7 |[0m [36mimport[0m { [33mLabel[0m } [36mfrom[0m [32m'@/components/ui/label'[0m
  [90m   |[0m [31m[1m^^^^^^^^^^^^^^^^^^^^^^^^^^^^^^^^^^^^^^^^^^^^^[0m
  [90m 8 |[0m [36mimport[0m { [33mTextarea[0m } [36mfrom[0m [32m'@/components/ui/textarea'[0m
  [90m 9 |[0m [36mimport[0m dynamic [36mfrom[0m [32m'next/dynamic'[0m
  [90m10 |[0m

Import map: aliased to relative './src/components/ui/label' inside of [project]/


Import traces:
  Client Component Browser:
    ./app/admin/blog/create/page.tsx [Client Component Browser]
    ./app/admin/blog/create/page.tsx [Server Component]

  Client Component SSR:
    ./app/admin/blog/create/page.tsx [Client Component SSR]
    ./app/admin/blog/create/page.tsx [Server Component]

https://nextjs.org/docs/messages/module-not-found


./app/admin/blog/edit/[id]/page.tsx:7:1
Module not found: Can't resolve '@/components/ui/label'
  [90m 5 |[0m [36mimport[0m { [33mButton[0m } [36mfrom[0m [32m'@/components/ui/button'[0m
  [90m 6 |[0m [36mimport[0m { [33mInput[0m } [36mfrom[0m [32m'@/components/ui/input'[0m
[31m[1m>[0m [90m 7 |[0m [36mimport[0m { [33mLabel[0m } [36mfrom[0m [32m'@/components/ui/label'[0m
  [90m   |[0m [31m[1m^^^^^^^^^^^^^^^^^^^^^^^^^^^^^^^^^^^^^^^^^^^^^[0m
  [90m 8 |[0m [36mimport[0m { [33mTextarea[0m } [36mfrom[0m [32m'@/components/ui/textarea'[0m
  [90m 9 |[0m [36mimport[0m dynamic [36mfrom[0m [32m'next/dynamic'[0m
  [90m10 |[0m

Import map: aliased to relative './src/components/ui/label' inside of [project]/


Import traces:
  Client Component Browser:
    ./app/admin/blog/edit/[id]/page.tsx [Client Component Browser]
    ./app/admin/blog/edit/[id]/page.tsx [Server Component]

  Client Component SSR:
    ./app/admin/blog/edit/[id]/page.tsx [Client Component SSR]
    ./app/admin/blog/edit/[id]/page.tsx [Server Component]

https://nextjs.org/docs/messages/module-not-found


./app/admin/blog/create/page.tsx
Module not found: Can't resolve '@/components/ui/rich-text-editor'
Import map: aliased to relative './src/components/ui/rich-text-editor' inside of [project]/


Import traces:
  Client Component Browser:
    ./app/admin/blog/create/page.tsx [Client Component Browser]
    ./app/admin/blog/create/page.tsx [Server Component]

  Client Component SSR:
    ./app/admin/blog/create/page.tsx [Client Component SSR]
    ./app/admin/blog/create/page.tsx [Server Component]

https://nextjs.org/docs/messages/module-not-found


./app/admin/blog/create/page.tsx:13:5
Module not found: Can't resolve '@/components/ui/rich-text-editor'
  [90m11 |[0m [36mconst[0m [33mRichTextEditor[0m = dynamic(
  [90m12 |[0m   () =>
[31m[1m>[0m [90m13 |[0m     [36mimport[0m([32m'@/components/ui/rich-text-editor'[0m).then(mod => mod.[33mRichTextEditor[0m),
  [90m   |[0m     [31m[1m^^^^^^^^^^^^^^^^^^^^^^^^^^^^^^^^^^^^^^^^^^[0m
  [90m14 |[0m   { ssr: [36mfalse[0m }
  [90m15 |[0m )
  [90m16 |[0m [36mimport[0m {

Import map: aliased to relative './src/components/ui/rich-text-editor' inside of [project]/


Import traces:
  Client Component Browser:
    ./app/admin/blog/create/page.tsx [Client Component Browser]
    ./app/admin/blog/create/page.tsx [Server Component]

  Client Component SSR:
    ./app/admin/blog/create/page.tsx [Client Component SSR]
    ./app/admin/blog/create/page.tsx [Server Component]

https://nextjs.org/docs/messages/module-not-found


./app/admin/blog/edit/[id]/page.tsx
Module not found: Can't resolve '@/components/ui/rich-text-editor'
Import map: aliased to relative './src/components/ui/rich-text-editor' inside of [project]/


Import traces:
  Client Component Browser:
    ./app/admin/blog/edit/[id]/page.tsx [Client Component Browser]
    ./app/admin/blog/edit/[id]/page.tsx [Server Component]

  Client Component SSR:
    ./app/admin/blog/edit/[id]/page.tsx [Client Component SSR]
    ./app/admin/blog/edit/[id]/page.tsx [Server Component]

https://nextjs.org/docs/messages/module-not-found


./app/admin/blog/edit/[id]/page.tsx:13:5
Module not found: Can't resolve '@/components/ui/rich-text-editor'
  [90m11 |[0m [36mconst[0m [33mRichTextEditor[0m = dynamic(
  [90m12 |[0m   () =>
[31m[1m>[0m [90m13 |[0m     [36mimport[0m([32m'@/components/ui/rich-text-editor'[0m).then(mod => mod.[33mRichTextEditor[0m),
  [90m   |[0m     [31m[1m^^^^^^^^^^^^^^^^^^^^^^^^^^^^^^^^^^^^^^^^^^[0m
  [90m14 |[0m   { ssr: [36mfalse[0m }
  [90m15 |[0m )
  [90m16 |[0m [36mimport[0m {

Import map: aliased to relative './src/components/ui/rich-text-editor' inside of [project]/


Import traces:
  Client Component Browser:
    ./app/admin/blog/edit/[id]/page.tsx [Client Component Browser]
    ./app/admin/blog/edit/[id]/page.tsx [Server Component]

  Client Component SSR:
    ./app/admin/blog/edit/[id]/page.tsx [Client Component SSR]
    ./app/admin/blog/edit/[id]/page.tsx [Server Component]

https://nextjs.org/docs/messages/module-not-found


./app/admin/blog/create/page.tsx:23:1
Module not found: Can't resolve '@/components/ui/select'
  [90m21 |[0m   [33mCardTitle[0m,
  [90m22 |[0m } [36mfrom[0m [32m'@/components/ui/card'[0m
[31m[1m>[0m [90m23 |[0m [36mimport[0m {
  [90m   |[0m [31m[1m^^^^^^^[0m
[31m[1m>[0m [90m24 |[0m   [33mSelect[0m,
  [90m   |[0m [31m[1m^^^^^^^^^[0m
[31m[1m>[0m [90m25 |[0m   [33mSelectContent[0m,
  [90m   |[0m [31m[1m^^^^^^^^^^^^^^^^[0m
[31m[1m>[0m [90m26 |[0m   [33mSelectItem[0m,
  [90m   |[0m [31m[1m^^^^^^^^^^^^^[0m
[31m[1m>[0m [90m27 |[0m   [33mSelectTrigger[0m,
  [90m   |[0m [31m[1m^^^^^^^^^^^^^^^^[0m
[31m[1m>[0m [90m28 |[0m   [33mSelectValue[0m,
  [90m   |[0m [31m[1m^^^^^^^^^^^^^^[0m
[31m[1m>[0m [90m29 |[0m } [36mfrom[0m [32m'@/components/ui/select'[0m
  [90m   |[0m [31m[1m^^^^^^^^^^^^^^^^^^^^^^^^^^^^^^^[0m
  [90m30 |[0m [36mimport[0m { [33mTabs[0m, [33mTabsContent[0m, [33mTabsList[0m, [33mTabsTrigger[0m } [36mfrom[0m [32m'@/components/ui/tabs'[0m
  [90m31 |[0m [36mimport[0m {
  [90m32 |[0m   [33mArrowLeft[0m,

Import map: aliased to relative './src/components/ui/select' inside of [project]/


Import traces:
  Client Component Browser:
    ./app/admin/blog/create/page.tsx [Client Component Browser]
    ./app/admin/blog/create/page.tsx [Server Component]

  Client Component SSR:
    ./app/admin/blog/create/page.tsx [Client Component SSR]
    ./app/admin/blog/create/page.tsx [Server Component]

https://nextjs.org/docs/messages/module-not-found


./app/admin/blog/edit/[id]/page.tsx:23:1
Module not found: Can't resolve '@/components/ui/select'
  [90m21 |[0m   [33mCardTitle[0m,
  [90m22 |[0m } [36mfrom[0m [32m'@/components/ui/card'[0m
[31m[1m>[0m [90m23 |[0m [36mimport[0m {
  [90m   |[0m [31m[1m^^^^^^^[0m
[31m[1m>[0m [90m24 |[0m   [33mSelect[0m,
  [90m   |[0m [31m[1m^^^^^^^^^[0m
[31m[1m>[0m [90m25 |[0m   [33mSelectContent[0m,
  [90m   |[0m [31m[1m^^^^^^^^^^^^^^^^[0m
[31m[1m>[0m [90m26 |[0m   [33mSelectItem[0m,
  [90m   |[0m [31m[1m^^^^^^^^^^^^^[0m
[31m[1m>[0m [90m27 |[0m   [33mSelectTrigger[0m,
  [90m   |[0m [31m[1m^^^^^^^^^^^^^^^^[0m
[31m[1m>[0m [90m28 |[0m   [33mSelectValue[0m,
  [90m   |[0m [31m[1m^^^^^^^^^^^^^^[0m
[31m[1m>[0m [90m29 |[0m } [36mfrom[0m [32m'@/components/ui/select'[0m
  [90m   |[0m [31m[1m^^^^^^^^^^^^^^^^^^^^^^^^^^^^^^^[0m
  [90m30 |[0m [36mimport[0m { [33mTabs[0m, [33mTabsContent[0m, [33mTabsList[0m, [33mTabsTrigger[0m } [36mfrom[0m [32m'@/components/ui/tabs'[0m
  [90m31 |[0m [36mimport[0m { [33mBadge[0m } [36mfrom[0m [32m'@/components/ui/badge'[0m
  [90m32 |[0m [36mimport[0m {

Import map: aliased to relative './src/components/ui/select' inside of [project]/


Import traces:
  Client Component Browser:
    ./app/admin/blog/edit/[id]/page.tsx [Client Component Browser]
    ./app/admin/blog/edit/[id]/page.tsx [Server Component]

  Client Component SSR:
    ./app/admin/blog/edit/[id]/page.tsx [Client Component SSR]
    ./app/admin/blog/edit/[id]/page.tsx [Server Component]

https://nextjs.org/docs/messages/module-not-found


./app/admin/blog/page.tsx:31:1
Module not found: Can't resolve '@/components/ui/select'
  [90m29 |[0m   [33mAlertDialogTrigger[0m,
  [90m30 |[0m } [36mfrom[0m [32m'@/components/ui/alert-dialog'[0m
[31m[1m>[0m [90m31 |[0m [36mimport[0m {
  [90m   |[0m [31m[1m^^^^^^^[0m
[31m[1m>[0m [90m32 |[0m   [33mSelect[0m,
  [90m   |[0m [31m[1m^^^^^^^^^[0m
[31m[1m>[0m [90m33 |[0m   [33mSelectContent[0m,
  [90m   |[0m [31m[1m^^^^^^^^^^^^^^^^[0m
[31m[1m>[0m [90m34 |[0m   [33mSelectItem[0m,
  [90m   |[0m [31m[1m^^^^^^^^^^^^^[0m
[31m[1m>[0m [90m35 |[0m   [33mSelectTrigger[0m,
  [90m   |[0m [31m[1m^^^^^^^^^^^^^^^^[0m
[31m[1m>[0m [90m36 |[0m   [33mSelectValue[0m,
  [90m   |[0m [31m[1m^^^^^^^^^^^^^^[0m
[31m[1m>[0m [90m37 |[0m } [36mfrom[0m [32m'@/components/ui/select'[0m
  [90m   |[0m [31m[1m^^^^^^^^^^^^^^^^^^^^^^^^^^^^^^^[0m
  [90m38 |[0m [36mimport[0m {
  [90m39 |[0m   [33mTooltip[0m,
  [90m40 |[0m   [33mTooltipContent[0m,

Import map: aliased to relative './src/components/ui/select' inside of [project]/


Import traces:
  Client Component Browser:
    ./app/admin/blog/page.tsx [Client Component Browser]
    ./app/admin/blog/page.tsx [Server Component]

  Client Component SSR:
    ./app/admin/blog/page.tsx [Client Component SSR]
    ./app/admin/blog/page.tsx [Server Component]

https://nextjs.org/docs/messages/module-not-found


./app/admin/blog/config/page.tsx:24:1
Module not found: Can't resolve '@/components/ui/switch'
  [90m22 |[0m [36mimport[0m { toast } [36mfrom[0m [32m'sonner'[0m
  [90m23 |[0m [36mimport[0m [33mLink[0m [36mfrom[0m [32m'next/link'[0m
[31m[1m>[0m [90m24 |[0m [36mimport[0m { [33mSwitch[0m } [36mfrom[0m [32m'@/components/ui/switch'[0m
  [90m   |[0m [31m[1m^^^^^^^^^^^^^^^^^^^^^^^^^^^^^^^^^^^^^^^^^^^^^^^[0m
  [90m25 |[0m
  [90m26 |[0m [36minterface[0m [33mBlogAuthor[0m {
  [90m27 |[0m   _id?: string

Import map: aliased to relative './src/components/ui/switch' inside of [project]/


Import traces:
  Client Component Browser:
    ./app/admin/blog/config/page.tsx [Client Component Browser]
    ./app/admin/blog/config/page.tsx [Server Component]

  Client Component SSR:
    ./app/admin/blog/config/page.tsx [Client Component SSR]
    ./app/admin/blog/config/page.tsx [Server Component]

https://nextjs.org/docs/messages/module-not-found


./app/admin/blog/config/page.tsx:11:1
Module not found: Can't resolve '@/components/ui/tabs'
  [90m 9 |[0m [36mimport[0m { [33mTextarea[0m } [36mfrom[0m [32m'@/components/ui/textarea'[0m
  [90m10 |[0m [36mimport[0m { [33mBadge[0m } [36mfrom[0m [32m'@/components/ui/badge'[0m
[31m[1m>[0m [90m11 |[0m [36mimport[0m { [33mTabs[0m, [33mTabsContent[0m, [33mTabsList[0m, [33mTabsTrigger[0m } [36mfrom[0m [32m'@/components/ui/tabs'[0m
  [90m   |[0m [31m[1m^^^^^^^^^^^^^^^^^^^^^^^^^^^^^^^^^^^^^^^^^^^^^^^^^^^^^^^^^^^^^^^^^^^^^^^^^^^^^^^[0m
  [90m12 |[0m [36mimport[0m {
  [90m13 |[0m   [33mSave[0m,
  [90m14 |[0m   [33mPlus[0m,

Import map: aliased to relative './src/components/ui/tabs' inside of [project]/


Import traces:
  Client Component Browser:
    ./app/admin/blog/config/page.tsx [Client Component Browser]
    ./app/admin/blog/config/page.tsx [Server Component]

  Client Component SSR:
    ./app/admin/blog/config/page.tsx [Client Component SSR]
    ./app/admin/blog/config/page.tsx [Server Component]

https://nextjs.org/docs/messages/module-not-found


./app/admin/blog/create/page.tsx:30:1
Module not found: Can't resolve '@/components/ui/tabs'
  [90m28 |[0m   [33mSelectValue[0m,
  [90m29 |[0m } [36mfrom[0m [32m'@/components/ui/select'[0m
[31m[1m>[0m [90m30 |[0m [36mimport[0m { [33mTabs[0m, [33mTabsContent[0m, [33mTabsList[0m, [33mTabsTrigger[0m } [36mfrom[0m [32m'@/components/ui/tabs'[0m
  [90m   |[0m [31m[1m^^^^^^^^^^^^^^^^^^^^^^^^^^^^^^^^^^^^^^^^^^^^^^^^^^^^^^^^^^^^^^^^^^^^^^^^^^^^^^^[0m
  [90m31 |[0m [36mimport[0m {
  [90m32 |[0m   [33mArrowLeft[0m,
  [90m33 |[0m   [33mSave[0m,

Import map: aliased to relative './src/components/ui/tabs' inside of [project]/


Import traces:
  Client Component Browser:
    ./app/admin/blog/create/page.tsx [Client Component Browser]
    ./app/admin/blog/create/page.tsx [Server Component]

  Client Component SSR:
    ./app/admin/blog/create/page.tsx [Client Component SSR]
    ./app/admin/blog/create/page.tsx [Server Component]

https://nextjs.org/docs/messages/module-not-found


./app/admin/blog/edit/[id]/page.tsx:30:1
Module not found: Can't resolve '@/components/ui/tabs'
  [90m28 |[0m   [33mSelectValue[0m,
  [90m29 |[0m } [36mfrom[0m [32m'@/components/ui/select'[0m
[31m[1m>[0m [90m30 |[0m [36mimport[0m { [33mTabs[0m, [33mTabsContent[0m, [33mTabsList[0m, [33mTabsTrigger[0m } [36mfrom[0m [32m'@/components/ui/tabs'[0m
  [90m   |[0m [31m[1m^^^^^^^^^^^^^^^^^^^^^^^^^^^^^^^^^^^^^^^^^^^^^^^^^^^^^^^^^^^^^^^^^^^^^^^^^^^^^^^[0m
  [90m31 |[0m [36mimport[0m { [33mBadge[0m } [36mfrom[0m [32m'@/components/ui/badge'[0m
  [90m32 |[0m [36mimport[0m {
  [90m33 |[0m   [33mArrowLeft[0m,

Import map: aliased to relative './src/components/ui/tabs' inside of [project]/


Import traces:
  Client Component Browser:
    ./app/admin/blog/edit/[id]/page.tsx [Client Component Browser]
    ./app/admin/blog/edit/[id]/page.tsx [Server Component]

  Client Component SSR:
    ./app/admin/blog/edit/[id]/page.tsx [Client Component SSR]
    ./app/admin/blog/edit/[id]/page.tsx [Server Component]

https://nextjs.org/docs/messages/module-not-found


./app/admin/blog/config/page.tsx:9:1
Module not found: Can't resolve '@/components/ui/textarea'
  [90m 7 |[0m [36mimport[0m { [33mInput[0m } [36mfrom[0m [32m'@/components/ui/input'[0m
  [90m 8 |[0m [36mimport[0m { [33mLabel[0m } [36mfrom[0m [32m'@/components/ui/label'[0m
[31m[1m>[0m [90m 9 |[0m [36mimport[0m { [33mTextarea[0m } [36mfrom[0m [32m'@/components/ui/textarea'[0m
  [90m   |[0m [31m[1m^^^^^^^^^^^^^^^^^^^^^^^^^^^^^^^^^^^^^^^^^^^^^^^^^^^[0m
  [90m10 |[0m [36mimport[0m { [33mBadge[0m } [36mfrom[0m [32m'@/components/ui/badge'[0m
  [90m11 |[0m [36mimport[0m { [33mTabs[0m, [33mTabsContent[0m, [33mTabsList[0m, [33mTabsTrigger[0m } [36mfrom[0m [32m'@/components/ui/tabs'[0m
  [90m12 |[0m [36mimport[0m {

Import map: aliased to relative './src/components/ui/textarea' inside of [project]/


Import traces:
  Client Component Browser:
    ./app/admin/blog/config/page.tsx [Client Component Browser]
    ./app/admin/blog/config/page.tsx [Server Component]

  Client Component SSR:
    ./app/admin/blog/config/page.tsx [Client Component SSR]
    ./app/admin/blog/config/page.tsx [Server Component]

https://nextjs.org/docs/messages/module-not-found


./app/admin/blog/create/page.tsx:8:1
Module not found: Can't resolve '@/components/ui/textarea'
  [90m 6 |[0m [36mimport[0m { [33mInput[0m } [36mfrom[0m [32m'@/components/ui/input'[0m
  [90m 7 |[0m [36mimport[0m { [33mLabel[0m } [36mfrom[0m [32m'@/components/ui/label'[0m
[31m[1m>[0m [90m 8 |[0m [36mimport[0m { [33mTextarea[0m } [36mfrom[0m [32m'@/components/ui/textarea'[0m
  [90m   |[0m [31m[1m^^^^^^^^^^^^^^^^^^^^^^^^^^^^^^^^^^^^^^^^^^^^^^^^^^^[0m
  [90m 9 |[0m [36mimport[0m dynamic [36mfrom[0m [32m'next/dynamic'[0m
  [90m10 |[0m
  [90m11 |[0m [36mconst[0m [33mRichTextEditor[0m = dynamic(

Import map: aliased to relative './src/components/ui/textarea' inside of [project]/


Import traces:
  Client Component Browser:
    ./app/admin/blog/create/page.tsx [Client Component Browser]
    ./app/admin/blog/create/page.tsx [Server Component]

  Client Component SSR:
    ./app/admin/blog/create/page.tsx [Client Component SSR]
    ./app/admin/blog/create/page.tsx [Server Component]

https://nextjs.org/docs/messages/module-not-found


./app/admin/blog/edit/[id]/page.tsx:8:1
Module not found: Can't resolve '@/components/ui/textarea'
  [90m 6 |[0m [36mimport[0m { [33mInput[0m } [36mfrom[0m [32m'@/components/ui/input'[0m
  [90m 7 |[0m [36mimport[0m { [33mLabel[0m } [36mfrom[0m [32m'@/components/ui/label'[0m
[31m[1m>[0m [90m 8 |[0m [36mimport[0m { [33mTextarea[0m } [36mfrom[0m [32m'@/components/ui/textarea'[0m
  [90m   |[0m [31m[1m^^^^^^^^^^^^^^^^^^^^^^^^^^^^^^^^^^^^^^^^^^^^^^^^^^^[0m
  [90m 9 |[0m [36mimport[0m dynamic [36mfrom[0m [32m'next/dynamic'[0m
  [90m10 |[0m
  [90m11 |[0m [36mconst[0m [33mRichTextEditor[0m = dynamic(

Import map: aliased to relative './src/components/ui/textarea' inside of [project]/


Import traces:
  Client Component Browser:
    ./app/admin/blog/edit/[id]/page.tsx [Client Component Browser]
    ./app/admin/blog/edit/[id]/page.tsx [Server Component]

  Client Component SSR:
    ./app/admin/blog/edit/[id]/page.tsx [Client Component SSR]
    ./app/admin/blog/edit/[id]/page.tsx [Server Component]

https://nextjs.org/docs/messages/module-not-found


./app/admin/blog/page.tsx:38:1
Module not found: Can't resolve '@/components/ui/tooltip'
  [90m36 |[0m   [33mSelectValue[0m,
  [90m37 |[0m } [36mfrom[0m [32m'@/components/ui/select'[0m
[31m[1m>[0m [90m38 |[0m [36mimport[0m {
  [90m   |[0m [31m[1m^^^^^^^[0m
[31m[1m>[0m [90m39 |[0m   [33mTooltip[0m,
  [90m   |[0m [31m[1m^^^^^^^^^^[0m
[31m[1m>[0m [90m40 |[0m   [33mTooltipContent[0m,
  [90m   |[0m [31m[1m^^^^^^^^^^^^^^^^^[0m
[31m[1m>[0m [90m41 |[0m   [33mTooltipProvider[0m,
  [90m   |[0m [31m[1m^^^^^^^^^^^^^^^^^^[0m
[31m[1m>[0m [90m42 |[0m   [33mTooltipTrigger[0m,
  [90m   |[0m [31m[1m^^^^^^^^^^^^^^^^^[0m
[31m[1m>[0m [90m43 |[0m } [36mfrom[0m [32m'@/components/ui/tooltip'[0m
  [90m   |[0m [31m[1m^^^^^^^^^^^^^^^^^^^^^^^^^^^^^^^^[0m
  [90m44 |[0m
  [90m45 |[0m [36minterface[0m [33mBlog[0m {
  [90m46 |[0m   _id: string

Import map: aliased to relative './src/components/ui/tooltip' inside of [project]/


Import traces:
  Client Component Browser:
    ./app/admin/blog/page.tsx [Client Component Browser]
    ./app/admin/blog/page.tsx [Server Component]

  Client Component SSR:
    ./app/admin/blog/page.tsx [Client Component SSR]
    ./app/admin/blog/page.tsx [Server Component]

https://nextjs.org/docs/messages/module-not-found


./app/admin/blog/create/page.tsx:41:1
Module not found: Can't resolve '@/hooks/useCurrency'
  [90m39 |[0m } [36mfrom[0m [32m'lucide-react'[0m
  [90m40 |[0m [36mimport[0m [33mLink[0m [36mfrom[0m [32m'next/link'[0m
[31m[1m>[0m [90m41 |[0m [36mimport[0m { useCurrency } [36mfrom[0m [32m'@/hooks/useCurrency'[0m
  [90m   |[0m [31m[1m^^^^^^^^^^^^^^^^^^^^^^^^^^^^^^^^^^^^^^^^^^^^^^^^^[0m
  [90m42 |[0m
  [90m43 |[0m [36minterface[0m [33mBlogCTA[0m {
  [90m44 |[0m   title?: string

Import map: aliased to relative './src/hooks/useCurrency' inside of [project]/


Import traces:
  Client Component Browser:
    ./app/admin/blog/create/page.tsx [Client Component Browser]
    ./app/admin/blog/create/page.tsx [Server Component]

  Client Component SSR:
    ./app/admin/blog/create/page.tsx [Client Component SSR]
    ./app/admin/blog/create/page.tsx [Server Component]

https://nextjs.org/docs/messages/module-not-found


./app/admin/blog/edit/[id]/page.tsx:43:1
Module not found: Can't resolve '@/hooks/useCurrency'
  [90m41 |[0m } [36mfrom[0m [32m'lucide-react'[0m
  [90m42 |[0m [36mimport[0m [33mLink[0m [36mfrom[0m [32m'next/link'[0m
[31m[1m>[0m [90m43 |[0m [36mimport[0m { useCurrency } [36mfrom[0m [32m'@/hooks/useCurrency'[0m
  [90m   |[0m [31m[1m^^^^^^^^^^^^^^^^^^^^^^^^^^^^^^^^^^^^^^^^^^^^^^^^^[0m
  [90m44 |[0m [36mimport[0m {
  [90m45 |[0m   [33mAlertDialog[0m,
  [90m46 |[0m   [33mAlertDialogAction[0m,

Import map: aliased to relative './src/hooks/useCurrency' inside of [project]/


Import traces:
  Client Component Browser:
    ./app/admin/blog/edit/[id]/page.tsx [Client Component Browser]
    ./app/admin/blog/edit/[id]/page.tsx [Server Component]

  Client Component SSR:
    ./app/admin/blog/edit/[id]/page.tsx [Client Component SSR]
    ./app/admin/blog/edit/[id]/page.tsx [Server Component]

https://nextjs.org/docs/messages/module-not-found


./app/(public)/blog/[slug]/page.tsx:9:1
Module not found: Can't resolve '@/lib/addHeadingIds'
  [90m 7 |[0m [36mimport[0m [33mTableOfContents[0m [36mfrom[0m [32m'@/components/blog/TableOfContents'[0m
  [90m 8 |[0m [36mimport[0m [33mRelatedBlogImage[0m [36mfrom[0m [32m'@/components/blog/RelatedBlogImage'[0m
[31m[1m>[0m [90m 9 |[0m [36mimport[0m { addHeadingIds } [36mfrom[0m [32m'@/lib/addHeadingIds'[0m
  [90m   |[0m [31m[1m^^^^^^^^^^^^^^^^^^^^^^^^^^^^^^^^^^^^^^^^^^^^^^^^^^^[0m
  [90m10 |[0m [36mimport[0m { processBlogContent } [36mfrom[0m [32m'@/lib/processBlogContent'[0m
  [90m11 |[0m [36mimport[0m { [33mBadge[0m } [36mfrom[0m [32m'@/components/ui/badge'[0m
  [90m12 |[0m [36mimport[0m {

Import map: aliased to relative './src/lib/addHeadingIds' inside of [project]/


https://nextjs.org/docs/messages/module-not-found


./app/api/admin/blog-config/route.ts:3:1
Module not found: Can't resolve '@/lib/authConfig'
  [90m1 |[0m [36mimport[0m { [33mNextRequest[0m, [33mNextResponse[0m } [36mfrom[0m [32m'next/server'[0m
  [90m2 |[0m [36mimport[0m { getServerSession } [36mfrom[0m [32m'next-auth'[0m
[31m[1m>[0m [90m3 |[0m [36mimport[0m { authOptions } [36mfrom[0m [32m'@/lib/authConfig'[0m
  [90m  |[0m [31m[1m^^^^^^^^^^^^^^^^^^^^^^^^^^^^^^^^^^^^^^^^^^^^^^[0m
  [90m4 |[0m [36mimport[0m connectDB [36mfrom[0m [32m'@/lib/db'[0m
  [90m5 |[0m [36mimport[0m [33mBlogConfig[0m [36mfrom[0m [32m'@/models/BlogConfig'[0m
  [90m6 |[0m

Import map: aliased to relative './src/lib/authConfig' inside of [project]/


https://nextjs.org/docs/messages/module-not-found


./app/api/admin/blog/[id]/route.ts:5:1
Module not found: Can't resolve '@/lib/authConfig'
  [90m3 |[0m [36mimport[0m [33mBlog[0m [36mfrom[0m [32m'@/models/Blog'[0m
  [90m4 |[0m [36mimport[0m { getServerSession } [36mfrom[0m [32m'next-auth'[0m
[31m[1m>[0m [90m5 |[0m [36mimport[0m { authOptions } [36mfrom[0m [32m'@/lib/authConfig'[0m
  [90m  |[0m [31m[1m^^^^^^^^^^^^^^^^^^^^^^^^^^^^^^^^^^^^^^^^^^^^^^[0m
  [90m6 |[0m
  [90m7 |[0m [36mtype[0m [33mParams[0m = { params: { id: string } }
  [90m8 |[0m [36mexport[0m [36masync[0m [36mfunction[0m [33mGET[0m(req: [33mRequest[0m, { params }: [33mParams[0m) {

Import map: aliased to relative './src/lib/authConfig' inside of [project]/


https://nextjs.org/docs/messages/module-not-found


./app/api/admin/blog/create/route.ts:5:1
Module not found: Can't resolve '@/lib/authConfig'
  [90m3 |[0m [36mimport[0m [33mBlog[0m [36mfrom[0m [32m'@/models/Blog'[0m
  [90m4 |[0m [36mimport[0m { getServerSession } [36mfrom[0m [32m'next-auth'[0m
[31m[1m>[0m [90m5 |[0m [36mimport[0m { authOptions } [36mfrom[0m [32m'@/lib/authConfig'[0m
  [90m  |[0m [31m[1m^^^^^^^^^^^^^^^^^^^^^^^^^^^^^^^^^^^^^^^^^^^^^^[0m
  [90m6 |[0m
  [90m7 |[0m [90m// Simple slugify helper (or use your existing util)[0m
  [90m8 |[0m [36mfunction[0m slugify(input: string) {

Import map: aliased to relative './src/lib/authConfig' inside of [project]/


https://nextjs.org/docs/messages/module-not-found


./app/(public)/blog/page.tsx:10:1
Module not found: Can't resolve '@/lib/db'
  [90m 8 |[0m } [36mfrom[0m [32m'@/components/seo/ServerSEO'[0m
  [90m 9 |[0m [36mimport[0m [33mBlogSearch[0m [36mfrom[0m [32m'@/components/blog/BlogSearch'[0m
[31m[1m>[0m [90m10 |[0m [36mimport[0m connectDb [36mfrom[0m [32m'@/lib/db'[0m
  [90m   |[0m [31m[1m^^^^^^^^^^^^^^^^^^^^^^^^^^^^^^^^[0m
  [90m11 |[0m [36mimport[0m [33mBlog[0m [36mfrom[0m [32m'@/models/Blog'[0m
  [90m12 |[0m
  [90m13 |[0m [90m// Force dynamic rendering to prevent build-time API calls[0m

Import map: aliased to relative './src/lib/db' inside of [project]/


https://nextjs.org/docs/messages/module-not-found


./app/api/admin/blog-config/route.ts:4:1
Module not found: Can't resolve '@/lib/db'
  [90m2 |[0m [36mimport[0m { getServerSession } [36mfrom[0m [32m'next-auth'[0m
  [90m3 |[0m [36mimport[0m { authOptions } [36mfrom[0m [32m'@/lib/authConfig'[0m
[31m[1m>[0m [90m4 |[0m [36mimport[0m connectDB [36mfrom[0m [32m'@/lib/db'[0m
  [90m  |[0m [31m[1m^^^^^^^^^^^^^^^^^^^^^^^^^^^^^^^^[0m
  [90m5 |[0m [36mimport[0m [33mBlogConfig[0m [36mfrom[0m [32m'@/models/BlogConfig'[0m
  [90m6 |[0m
  [90m7 |[0m [36mexport[0m [36mconst[0m dynamic = [32m'force-dynamic'[0m

Import map: aliased to relative './src/lib/db' inside of [project]/


https://nextjs.org/docs/messages/module-not-found


./app/api/admin/blog/[id]/route.ts:2:1
Module not found: Can't resolve '@/lib/db'
  [90m1 |[0m [36mimport[0m { [33mNextResponse[0m } [36mfrom[0m [32m'next/server'[0m
[31m[1m>[0m [90m2 |[0m [36mimport[0m connectDb [36mfrom[0m [32m'@/lib/db'[0m
  [90m  |[0m [31m[1m^^^^^^^^^^^^^^^^^^^^^^^^^^^^^^^^[0m
  [90m3 |[0m [36mimport[0m [33mBlog[0m [36mfrom[0m [32m'@/models/Blog'[0m
  [90m4 |[0m [36mimport[0m { getServerSession } [36mfrom[0m [32m'next-auth'[0m
  [90m5 |[0m [36mimport[0m { authOptions } [36mfrom[0m [32m'@/lib/authConfig'[0m

Import map: aliased to relative './src/lib/db' inside of [project]/


https://nextjs.org/docs/messages/module-not-found


./app/api/admin/blog/create/route.ts:2:1
Module not found: Can't resolve '@/lib/db'
  [90m1 |[0m [36mimport[0m { [33mNextResponse[0m } [36mfrom[0m [32m'next/server'[0m
[31m[1m>[0m [90m2 |[0m [36mimport[0m connectDb [36mfrom[0m [32m'@/lib/db'[0m
  [90m  |[0m [31m[1m^^^^^^^^^^^^^^^^^^^^^^^^^^^^^^^^[0m
  [90m3 |[0m [36mimport[0m [33mBlog[0m [36mfrom[0m [32m'@/models/Blog'[0m
  [90m4 |[0m [36mimport[0m { getServerSession } [36mfrom[0m [32m'next-auth'[0m
  [90m5 |[0m [36mimport[0m { authOptions } [36mfrom[0m [32m'@/lib/authConfig'[0m

Import map: aliased to relative './src/lib/db' inside of [project]/


https://nextjs.org/docs/messages/module-not-found


./app/api/public/blog-config/route.ts:2:1
Module not found: Can't resolve '@/lib/db'
  [90m1 |[0m [36mimport[0m { [33mNextResponse[0m } [36mfrom[0m [32m'next/server'[0m
[31m[1m>[0m [90m2 |[0m [36mimport[0m connectDB [36mfrom[0m [32m'@/lib/db'[0m
  [90m  |[0m [31m[1m^^^^^^^^^^^^^^^^^^^^^^^^^^^^^^^^[0m
  [90m3 |[0m [36mimport[0m [33mBlogConfig[0m [36mfrom[0m [32m'@/models/BlogConfig'[0m
  [90m4 |[0m
  [90m5 |[0m [36mexport[0m [36mconst[0m revalidate = [35m3600[0m [90m// Revalidate every hour[0m

Import map: aliased to relative './src/lib/db' inside of [project]/


https://nextjs.org/docs/messages/module-not-found


./app/api/public/blog/route.ts:2:1
Module not found: Can't resolve '@/lib/db'
  [90m1 |[0m [36mimport[0m { [33mNextRequest[0m, [33mNextResponse[0m } [36mfrom[0m [32m'next/server'[0m;
[31m[1m>[0m [90m2 |[0m [36mimport[0m connectDb [36mfrom[0m [32m'@/lib/db'[0m;
  [90m  |[0m [31m[1m^^^^^^^^^^^^^^^^^^^^^^^^^^^^^^^^^[0m
  [90m3 |[0m [36mimport[0m [33mBlog[0m [36mfrom[0m [32m'@/models/Blog'[0m;
  [90m4 |[0m
  [90m5 |[0m [90m// This route is dynamic because it handles query parameters (search, category, page, limit)[0m

Import map: aliased to relative './src/lib/db' inside of [project]/


https://nextjs.org/docs/messages/module-not-found


./app/api/public/blog/[slug]/route.ts:2:1
Module not found: Can't resolve '@/lib/mongodb'
  [90m1 |[0m [36mimport[0m { [33mNextRequest[0m, [33mNextResponse[0m } [36mfrom[0m [32m'next/server'[0m
[31m[1m>[0m [90m2 |[0m [36mimport[0m clientPromise [36mfrom[0m [32m'@/lib/mongodb'[0m
  [90m  |[0m [31m[1m^^^^^^^^^^^^^^^^^^^^^^^^^^^^^^^^^^^^^^^^^[0m
  [90m3 |[0m [36mimport[0m [33mBlog[0m [36mfrom[0m [32m'@/models/Blog'[0m
  [90m4 |[0m
  [90m5 |[0m [36mexport[0m [36mconst[0m revalidate = [35m3600[0m [90m// Revalidate every hour[0m

Import map: aliased to relative './src/lib/mongodb' inside of [project]/


https://nextjs.org/docs/messages/module-not-found


./app/(public)/blog/[slug]/page.tsx:10:1
Module not found: Can't resolve '@/lib/processBlogContent'
  [90m 8 |[0m [36mimport[0m [33mRelatedBlogImage[0m [36mfrom[0m [32m'@/components/blog/RelatedBlogImage'[0m
  [90m 9 |[0m [36mimport[0m { addHeadingIds } [36mfrom[0m [32m'@/lib/addHeadingIds'[0m
[31m[1m>[0m [90m10 |[0m [36mimport[0m { processBlogContent } [36mfrom[0m [32m'@/lib/processBlogContent'[0m
  [90m   |[0m [31m[1m^^^^^^^^^^^^^^^^^^^^^^^^^^^^^^^^^^^^^^^^^^^^^^^^^^^^^^^^^^^^^[0m
  [90m11 |[0m [36mimport[0m { [33mBadge[0m } [36mfrom[0m [32m'@/components/ui/badge'[0m
  [90m12 |[0m [36mimport[0m {
  [90m13 |[0m   [33mClock[0m,

Import map: aliased to relative './src/lib/processBlogContent' inside of [project]/


https://nextjs.org/docs/messages/module-not-found


./app/(public)/blog/page.tsx:11:1
Module not found: Can't resolve '@/models/Blog'
  [90m 9 |[0m [36mimport[0m [33mBlogSearch[0m [36mfrom[0m [32m'@/components/blog/BlogSearch'[0m
  [90m10 |[0m [36mimport[0m connectDb [36mfrom[0m [32m'@/lib/db'[0m
[31m[1m>[0m [90m11 |[0m [36mimport[0m [33mBlog[0m [36mfrom[0m [32m'@/models/Blog'[0m
  [90m   |[0m [31m[1m^^^^^^^^^^^^^^^^^^^^^^^^^^^^^^^^[0m
  [90m12 |[0m
  [90m13 |[0m [90m// Force dynamic rendering to prevent build-time API calls[0m
  [90m14 |[0m [36mexport[0m [36mconst[0m dynamic = [32m'force-dynamic'[0m

Import map: aliased to relative './src/models/Blog' inside of [project]/


https://nextjs.org/docs/messages/module-not-found


./app/api/admin/blog/[id]/route.ts:3:1
Module not found: Can't resolve '@/models/Blog'
  [90m1 |[0m [36mimport[0m { [33mNextResponse[0m } [36mfrom[0m [32m'next/server'[0m
  [90m2 |[0m [36mimport[0m connectDb [36mfrom[0m [32m'@/lib/db'[0m
[31m[1m>[0m [90m3 |[0m [36mimport[0m [33mBlog[0m [36mfrom[0m [32m'@/models/Blog'[0m
  [90m  |[0m [31m[1m^^^^^^^^^^^^^^^^^^^^^^^^^^^^^^^^[0m
  [90m4 |[0m [36mimport[0m { getServerSession } [36mfrom[0m [32m'next-auth'[0m
  [90m5 |[0m [36mimport[0m { authOptions } [36mfrom[0m [32m'@/lib/authConfig'[0m
  [90m6 |[0m

Import map: aliased to relative './src/models/Blog' inside of [project]/


https://nextjs.org/docs/messages/module-not-found


./app/api/admin/blog/create/route.ts:3:1
Module not found: Can't resolve '@/models/Blog'
  [90m1 |[0m [36mimport[0m { [33mNextResponse[0m } [36mfrom[0m [32m'next/server'[0m
  [90m2 |[0m [36mimport[0m connectDb [36mfrom[0m [32m'@/lib/db'[0m
[31m[1m>[0m [90m3 |[0m [36mimport[0m [33mBlog[0m [36mfrom[0m [32m'@/models/Blog'[0m
  [90m  |[0m [31m[1m^^^^^^^^^^^^^^^^^^^^^^^^^^^^^^^^[0m
  [90m4 |[0m [36mimport[0m { getServerSession } [36mfrom[0m [32m'next-auth'[0m
  [90m5 |[0m [36mimport[0m { authOptions } [36mfrom[0m [32m'@/lib/authConfig'[0m
  [90m6 |[0m

Import map: aliased to relative './src/models/Blog' inside of [project]/


https://nextjs.org/docs/messages/module-not-found


./app/api/public/blog/[slug]/route.ts:3:1
Module not found: Can't resolve '@/models/Blog'
  [90m1 |[0m [36mimport[0m { [33mNextRequest[0m, [33mNextResponse[0m } [36mfrom[0m [32m'next/server'[0m
  [90m2 |[0m [36mimport[0m clientPromise [36mfrom[0m [32m'@/lib/mongodb'[0m
[31m[1m>[0m [90m3 |[0m [36mimport[0m [33mBlog[0m [36mfrom[0m [32m'@/models/Blog'[0m
  [90m  |[0m [31m[1m^^^^^^^^^^^^^^^^^^^^^^^^^^^^^^^^[0m
  [90m4 |[0m
  [90m5 |[0m [36mexport[0m [36mconst[0m revalidate = [35m3600[0m [90m// Revalidate every hour[0m
  [90m6 |[0m

Import map: aliased to relative './src/models/Blog' inside of [project]/


https://nextjs.org/docs/messages/module-not-found


./app/api/public/blog/route.ts:3:1
Module not found: Can't resolve '@/models/Blog'
  [90m1 |[0m [36mimport[0m { [33mNextRequest[0m, [33mNextResponse[0m } [36mfrom[0m [32m'next/server'[0m;
  [90m2 |[0m [36mimport[0m connectDb [36mfrom[0m [32m'@/lib/db'[0m;
[31m[1m>[0m [90m3 |[0m [36mimport[0m [33mBlog[0m [36mfrom[0m [32m'@/models/Blog'[0m;
  [90m  |[0m [31m[1m^^^^^^^^^^^^^^^^^^^^^^^^^^^^^^^^^[0m
  [90m4 |[0m
  [90m5 |[0m [90m// This route is dynamic because it handles query parameters (search, category, page, limit)[0m
  [90m6 |[0m [36mexport[0m [36mconst[0m dynamic = [32m'force-dynamic'[0m

Import map: aliased to relative './src/models/Blog' inside of [project]/


https://nextjs.org/docs/messages/module-not-found


./app/api/admin/blog-config/route.ts:5:1
Module not found: Can't resolve '@/models/BlogConfig'
  [90m3 |[0m [36mimport[0m { authOptions } [36mfrom[0m [32m'@/lib/authConfig'[0m
  [90m4 |[0m [36mimport[0m connectDB [36mfrom[0m [32m'@/lib/db'[0m
[31m[1m>[0m [90m5 |[0m [36mimport[0m [33mBlogConfig[0m [36mfrom[0m [32m'@/models/BlogConfig'[0m
  [90m  |[0m [31m[1m^^^^^^^^^^^^^^^^^^^^^^^^^^^^^^^^^^^^^^^^^^^^[0m
  [90m6 |[0m
  [90m7 |[0m [36mexport[0m [36mconst[0m dynamic = [32m'force-dynamic'[0m
  [90m8 |[0m

Import map: aliased to relative './src/models/BlogConfig' inside of [project]/


https://nextjs.org/docs/messages/module-not-found


./app/api/public/blog-config/route.ts:3:1
Module not found: Can't resolve '@/models/BlogConfig'
  [90m1 |[0m [36mimport[0m { [33mNextResponse[0m } [36mfrom[0m [32m'next/server'[0m
  [90m2 |[0m [36mimport[0m connectDB [36mfrom[0m [32m'@/lib/db'[0m
[31m[1m>[0m [90m3 |[0m [36mimport[0m [33mBlogConfig[0m [36mfrom[0m [32m'@/models/BlogConfig'[0m
  [90m  |[0m [31m[1m^^^^^^^^^^^^^^^^^^^^^^^^^^^^^^^^^^^^^^^^^^^^[0m
  [90m4 |[0m
  [90m5 |[0m [36mexport[0m [36mconst[0m revalidate = [35m3600[0m [90m// Revalidate every hour[0m
  [90m6 |[0m

Import map: aliased to relative './src/models/BlogConfig' inside of [project]/


https://nextjs.org/docs/messages/module-not-found


    at <unknown> (./app/(public)/blog/[slug]/page.tsx:5:1)
    at <unknown> (https://nextjs.org/docs/messages/module-not-found)
    at <unknown> (./app/(public)/blog/page.tsx:4:1)
    at <unknown> (https://nextjs.org/docs/messages/module-not-found)
    at <unknown> (./app/(public)/blog/page.tsx:9:1)
    at <unknown> (https://nextjs.org/docs/messages/module-not-found)
    at <unknown> (./app/(public)/blog/[slug]/page.tsx:6:1)
    at <unknown> (https://nextjs.org/docs/messages/module-not-found)
    at <unknown> (./app/(public)/blog/[slug]/page.tsx:8:1)
    at <unknown> (https://nextjs.org/docs/messages/module-not-found)
    at <unknown> (./app/(public)/blog/[slug]/page.tsx:21:1)
    at <unknown> (https://nextjs.org/docs/messages/module-not-found)
    at <unknown> (./app/(public)/blog/page.tsx:5:1)
    at <unknown> (https://nextjs.org/docs/messages/module-not-found)
    at <unknown> (./app/admin/blog/edit/[id]/page.tsx:44:1)
    at <unknown> (https://nextjs.org/docs/messages/module-not-found)
    at <unknown> (./app/admin/blog/page.tsx:20:1)
    at <unknown> (https://nextjs.org/docs/messages/module-not-found)
    at <unknown> (./app/(public)/blog/[slug]/page.tsx:11:1)
    at <unknown> (https://nextjs.org/docs/messages/module-not-found)
    at <unknown> (./app/(public)/blog/page.tsx:2:1)
    at <unknown> (https://nextjs.org/docs/messages/module-not-found)
    at <unknown> (./app/admin/blog/config/page.tsx:10:1)
    at <unknown> (https://nextjs.org/docs/messages/module-not-found)
    at <unknown> (./app/admin/blog/edit/[id]/page.tsx:31:1)
    at <unknown> (https://nextjs.org/docs/messages/module-not-found)
    at <unknown> (./app/admin/blog/page.tsx:6:1)
    at <unknown> (https://nextjs.org/docs/messages/module-not-found)
    at <unknown> (./app/(public)/blog/page.tsx:3:1)
    at <unknown> (https://nextjs.org/docs/messages/module-not-found)
    at <unknown> (./app/admin/blog/config/page.tsx:6:1)
    at <unknown> (https://nextjs.org/docs/messages/module-not-found)
    at <unknown> (./app/admin/blog/create/page.tsx:5:1)
    at <unknown> (https://nextjs.org/docs/messages/module-not-found)
    at <unknown> (./app/admin/blog/edit/[id]/page.tsx:5:1)
    at <unknown> (https://nextjs.org/docs/messages/module-not-found)
    at <unknown> (./app/admin/blog/page.tsx:4:1)
    at <unknown> (https://nextjs.org/docs/messages/module-not-found)
    at <unknown> (./app/admin/blog/config/page.tsx:5:1)
    at <unknown> (https://nextjs.org/docs/messages/module-not-found)
    at <unknown> (./app/admin/blog/create/page.tsx:16:1)
    at <unknown> (https://nextjs.org/docs/messages/module-not-found)
    at <unknown> (./app/admin/blog/edit/[id]/page.tsx:16:1)
    at <unknown> (https://nextjs.org/docs/messages/module-not-found)
    at <unknown> (./app/admin/blog/page.tsx:5:1)
    at <unknown> (https://nextjs.org/docs/messages/module-not-found)
    at <unknown> (./app/admin/blog/config/page.tsx:7:1)
    at <unknown> (https://nextjs.org/docs/messages/module-not-found)
    at <unknown> (./app/admin/blog/create/page.tsx:6:1)
    at <unknown> (https://nextjs.org/docs/messages/module-not-found)
    at <unknown> (./app/admin/blog/edit/[id]/page.tsx:6:1)
    at <unknown> (https://nextjs.org/docs/messages/module-not-found)
    at <unknown> (./app/admin/blog/page.tsx:7:1)
    at <unknown> (https://nextjs.org/docs/messages/module-not-found)
    at <unknown> (./app/admin/blog/config/page.tsx:8:1)
    at <unknown> (https://nextjs.org/docs/messages/module-not-found)
    at <unknown> (./app/admin/blog/create/page.tsx:7:1)
    at <unknown> (https://nextjs.org/docs/messages/module-not-found)
    at <unknown> (./app/admin/blog/edit/[id]/page.tsx:7:1)
    at <unknown> (https://nextjs.org/docs/messages/module-not-found)
    at <unknown> (https://nextjs.org/docs/messages/module-not-found)
    at <unknown> (./app/admin/blog/create/page.tsx:13:5)
    at <unknown> (https://nextjs.org/docs/messages/module-not-found)
    at <unknown> (https://nextjs.org/docs/messages/module-not-found)
    at <unknown> (./app/admin/blog/edit/[id]/page.tsx:13:5)
    at <unknown> (https://nextjs.org/docs/messages/module-not-found)
    at <unknown> (./app/admin/blog/create/page.tsx:23:1)
    at <unknown> (https://nextjs.org/docs/messages/module-not-found)
    at <unknown> (./app/admin/blog/edit/[id]/page.tsx:23:1)
    at <unknown> (https://nextjs.org/docs/messages/module-not-found)
    at <unknown> (./app/admin/blog/page.tsx:31:1)
    at <unknown> (https://nextjs.org/docs/messages/module-not-found)
    at <unknown> (./app/admin/blog/config/page.tsx:24:1)
    at <unknown> (https://nextjs.org/docs/messages/module-not-found)
    at <unknown> (./app/admin/blog/config/page.tsx:11:1)
    at <unknown> (https://nextjs.org/docs/messages/module-not-found)
    at <unknown> (./app/admin/blog/create/page.tsx:30:1)
    at <unknown> (https://nextjs.org/docs/messages/module-not-found)
    at <unknown> (./app/admin/blog/edit/[id]/page.tsx:30:1)
    at <unknown> (https://nextjs.org/docs/messages/module-not-found)
    at <unknown> (./app/admin/blog/config/page.tsx:9:1)
    at <unknown> (https://nextjs.org/docs/messages/module-not-found)
    at <unknown> (./app/admin/blog/create/page.tsx:8:1)
    at <unknown> (https://nextjs.org/docs/messages/module-not-found)
    at <unknown> (./app/admin/blog/edit/[id]/page.tsx:8:1)
    at <unknown> (https://nextjs.org/docs/messages/module-not-found)
    at <unknown> (./app/admin/blog/page.tsx:38:1)
    at <unknown> (https://nextjs.org/docs/messages/module-not-found)
    at <unknown> (./app/admin/blog/create/page.tsx:41:1)
    at <unknown> (https://nextjs.org/docs/messages/module-not-found)
    at <unknown> (./app/admin/blog/edit/[id]/page.tsx:43:1)
    at <unknown> (https://nextjs.org/docs/messages/module-not-found)
    at <unknown> (./app/(public)/blog/[slug]/page.tsx:9:1)
    at <unknown> (https://nextjs.org/docs/messages/module-not-found)
    at <unknown> (./app/api/admin/blog-config/route.ts:3:1)
    at <unknown> (https://nextjs.org/docs/messages/module-not-found)
    at <unknown> (./app/api/admin/blog/[id]/route.ts:5:1)
    at <unknown> (https://nextjs.org/docs/messages/module-not-found)
    at <unknown> (./app/api/admin/blog/create/route.ts:5:1)
    at <unknown> (https://nextjs.org/docs/messages/module-not-found)
    at <unknown> (./app/(public)/blog/page.tsx:10:1)
    at <unknown> (https://nextjs.org/docs/messages/module-not-found)
    at <unknown> (./app/api/admin/blog-config/route.ts:4:1)
    at <unknown> (https://nextjs.org/docs/messages/module-not-found)
    at <unknown> (./app/api/admin/blog/[id]/route.ts:2:1)
    at <unknown> (https://nextjs.org/docs/messages/module-not-found)
    at <unknown> (./app/api/admin/blog/create/route.ts:2:1)
    at <unknown> (https://nextjs.org/docs/messages/module-not-found)
    at <unknown> (./app/api/public/blog-config/route.ts:2:1)
    at <unknown> (https://nextjs.org/docs/messages/module-not-found)
    at <unknown> (./app/api/public/blog/route.ts:2:1)
    at <unknown> (https://nextjs.org/docs/messages/module-not-found)
    at <unknown> (./app/api/public/blog/[slug]/route.ts:2:1)
    at <unknown> (https://nextjs.org/docs/messages/module-not-found)
    at <unknown> (./app/(public)/blog/[slug]/page.tsx:10:1)
    at <unknown> (https://nextjs.org/docs/messages/module-not-found)
    at <unknown> (./app/(public)/blog/page.tsx:11:1)
    at <unknown> (https://nextjs.org/docs/messages/module-not-found)
    at <unknown> (./app/api/admin/blog/[id]/route.ts:3:1)
    at <unknown> (https://nextjs.org/docs/messages/module-not-found)
    at <unknown> (./app/api/admin/blog/create/route.ts:3:1)
    at <unknown> (https://nextjs.org/docs/messages/module-not-found)
    at <unknown> (./app/api/public/blog/[slug]/route.ts:3:1)
    at <unknown> (https://nextjs.org/docs/messages/module-not-found)
    at <unknown> (./app/api/public/blog/route.ts:3:1)
    at <unknown> (https://nextjs.org/docs/messages/module-not-found)
    at <unknown> (./app/api/admin/blog-config/route.ts:5:1)
    at <unknown> (https://nextjs.org/docs/messages/module-not-found)
    at <unknown> (./app/api/public/blog-config/route.ts:3:1)
    at <unknown> (https://nextjs.org/docs/messages/module-not-found)
